page side set answer nlines first-line
  1 L 1 0   25 1、根据《危险化学品安全法》，下列关于职责履行的说法，正确的
  1 R 1 0   29 B、考核发证机关或者其委托的考试机构应当定期制定发布安全技术
  2 L 1 0   31 府交通运输主管部门申请剧毒化学品道路运输通行证
  2 R 1 0   30 D、《特种设备作业人员监督管理办法》的效力高于《北京市生产安
  3 L 1 0   30 B、生产经营单位对重大危险源应当进行监控
  3 R 1 0   28 D、距离国家综合性消防救援队较远、被列为省重点文物保护单位的
  4 L 1 0   29 27、事故单位的责任人李某和对事故负有监管职责的人员陈某在事
  4 R 1 0   31 确的是（）。
  5 L 1 0   30 D、《民用爆炸物品购买许可证》应当载明许可的有效期限
  5 R 1 0   30 40、根据《生产安全事故报告和调查处理条例》，下列关于事故报
  6 L 1 0   30 A、有关事故案例
  6 R 1 0   30 停止公示和解除管理措施
  7 L 1 0   29 安全评估报告
  7 R 1 0   30 A、责令停产停业整改
  8 L 1 0   30 D、两个以上应急管理部门对行政处罚案件都有管辖权的，由最先受
  8 R 1 0   30 D、拒绝治疗的停止享受工伤保险
  9 L 1 0   28 “高处作业”证书
  9 R 1 0   29 74、依据《安全生产责任保险实施办法》的规定，下列说法，正确
 10 L 1 0   30 B、某烟花爆竹公司主要负责人，每年再培训时间不得少于16学时
 10 R 1 0   30 82、根据《安全设施“三同时”监督管理办法》，下列生产经营单
 11 L 2 0   27 1、根据《危险化学品安全法》，下列危险物品中，适用该法的是（
 11 R 2 0   32 C、剧毒化学品以及储存数量构成重大危险源的其他危险化学品，应
 12 L 2 0   32 A、3年
 12 R 2 0   29 D、特种作业人员未按照本规定进行换证或者延期换证的，特种作业
 13 L 2 0   32 A、负有安全生产监督管理职责的部门应当加强对建设单位验收活动
 13 R 2 0   30 D、规模较小的金融服务企业
 14 L 2 0   31 28、根据《刑法》及相关司法解释，总经理刘某涉嫌构成重大劳动
 14 R 2 0   32 33、根据《职业病防治法》，劳动过程中职业病防护与管理的做法
 15 L 2 0   29 B、应急管理管理部门负责烟花爆竹的质量监督和进出口检验
 15 R 2 0   34 B、事故的详细经过
 16 L 2 0   31 B、第三级低温作业
 16 R 2 0   32 C、某建筑施工单位焊接与热切割特种作业人员安全培训
 17 L 2 0   30 B、应急管理部门应当自作出列入严重失信主体名单决定后3个工作
 17 R 2 0   31 59、根据《危险化学品重大危险源监督管理暂行规定》，下列关于
 18 L 2 0   31 处3万元以下的罚款
 18 R 2 0   29 C、特种设备使用单位的安全技术档案应当包括特种设备的日常使用
 19 L 2 0   35 是（）。
 19 R 2 0   31 的同意
 20 L 2 0   31 及时修订并归档（）。
 20 R 2 0   20 是（）。
 21 L 3 0   28 1、根据《危险化学品安全法》，下列危险物品中，适用该法的是（
 21 R 3 0   32 A、生态环境部门
 22 L 3 0   32 D、设区的市级人民政府应急管理部门，自收到企业申请危险化学品
 22 R 3 0   34 C、理论考试不得超过5次，仍不合格的，申请人应当重新参加理论
 23 L 3 0   30 是（）。
 23 R 3 0   29 23、根据《矿山安全法》，关于矿山建设工程安全的说法，不正确
 24 L 3 0   33 27、根据《建筑法》，关于施工现场安全管理的说法，不正确的是
 24 R 3 0   30 32、根据《劳动合同法》，用人单位提前30日以书面形式通知劳
 25 L 3 0   30 否办理安全生产许可证
 25 R 3 0   30 40、根据《生产安全事故应急条例》，下列关于应急救援的说法，
 26 L 3 0   30 D、自劳动能力鉴定结论作出之日起1年内，伤残情况发生变化的，
 26 R 3 0   34 B、交通运输部或其授权的机构负责其职责范围内道路运输安全类别
 27 L 3 0   29 B、经治理后符合安全生产条件的，即可恢复生产经营
 27 R 3 0   31 57、根据《高层民用建筑消防安全管理规定》（应急管理部令第5
 28 L 3 0   29 D、实施机关应当在受理之日起45个工作日内作出是否准予许可的
 28 R 3 0   33 下列关于安全监管部门对该单位实施处罚的做法，正确的是（）。
 29 L 3 0   28 70、根据《应急管理部关于严格规范安全生产执法行为的通知》（
 29 R 3 0   31 E、生产经营单位应当通过相关信息系统实现信息共享
 30 L 3 0   30 说法，正确的是（）。
 30 R 3 0   31 82、根据《安全生产法》，下列较大规模的（），应当建立应急救
 31 L 4 0   27 1、根据《危险化学品安全法》，下列危险物品中，适用该法的是（
 31 R 4 0   31 5、根据《危险化学品安全法》，下列关于经营安全的说法，正确的
 32 L 4 0   30 B、危险化学品生产企业、进口企业应当提供与其生产、进口的危险
 32 R 4 0   30 14、根据《特种作业人员安全培训考核管理规定》（应急部19号
 33 L 4 0   30 D、王某可视为其安全生产知识和管理能力考核合格
 33 R 4 0   29 时归集、共享、应用和公开，对生产经营单位作出处罚决定后5个工
 34 L 4 0   33 A、特种设备报废的，应当采取必要措施消除该特种设备的使用功能
 34 R 4 0   31 31、根据《劳动法》，下列未成年工特殊保护的说法，不正确的是
 35 L 4 0   30 36、根据《建设工程安全生产管理条例》，关于建设工程安全的说
 35 R 4 0   31 漏，造成8万人转移，负责组织对该起事故调查的部门是（）。
 36 L 4 0   33 C、工伤保险基金应当留有一定比例的储备金，用于统筹地区各类事
 36 R 4 0   30 50、王某是一家烟花爆竹公司的董事长，聘请张某担任该公司的高
 37 L 4 0   29 到生产经营单位恢复生产的申请报告后，应当在10日内进行现场审
 37 R 4 0   30 A、高层民用建筑应当在每层的显著位置张贴安全疏散示意图，公共
 38 L 4 0   30 62、根据《危险化学品重大危险源监督管理暂行规定》，下列关于
 38 R 4 0   30 C、食品制造企业烘制、油炸设备未设置可燃气体浓度监测报警装置
 39 L 4 0   28 会、从业人员代表和注册安全工程师等专业力量，形成企业内部安全
 39 R 4 0   32 E、生产经营单位通过市场调研，将从业人员所需劳动防护用品折算
 40 L 4 0   32 78、根据《生产安全事故应急预案管理办法》，下列生产经营单位
 40 R 4 0   31 A、监护人员应当全程进行监护，若离开离开作业现场，应当与作业
 41 L 5 0   27 1、根据《危险化学品安全法》，下列关于负有安全监管职责的部门
 41 R 5 0   31 A、剧毒化学品的农药
 42 L 5 0   30 A、电工作业包括高压电工作业、中压电工作业和低压电工作业等3
 42 R 5 0   29 C、逾期未改正的，处5万元以上10万元以下的罚款
 43 L 5 0   32 的是（）。
 43 R 5 0   33 24、根据《道路交通安全法》，下列关于道路通行条件的的说法，
 44 L 5 0   31 强奸、抢劫、贩卖毒品、放火、爆炸、投放危险物质罪的，应当负刑
 44 R 5 0   30 D、安全设施设计需要作变更的，应当报原审查部门重新审查
 45 L 5 0   31 A、进出口单位应当将进出口的民用爆炸物品的品种、数量向收货地
 45 R 5 0   32 织和指导
 46 L 5 0   29 B、低温作业分级标准中规定的第一级低温作业
 46 R 5 0   31 确的是（）。
 47 L 5 0   31 D、总建筑面积2500㎡的托儿所、幼儿园的儿童用房，儿童游乐
 47 R 5 0   30 法编制专项施工方案，并附具安全验算结果，经（）签字后实施。
 48 L 5 0   32 D、发生有限空间作业事故后，监护人员应当立即组织施救
 48 R 5 0   30 A、白酒勾兑、灌装场所和酒库未设置防过热自动切断装置的
 49 L 5 0   33 D、安全生产监督检查人员应当将检查的时间、地点、内容、发现的
 49 R 5 0   32 E、大型群众性活动的安全管理应当遵循安全第一、预防为主的方针
 50 L 5 0   33 E、从业人员发现直接危及人身安全的紧急情况时，有权停止作业
 50 R 5 0    6 85、根据《工伤保险条例》，下列关于工伤保险基金的使用，正确
 51 L 1 1   29 1、答案选【A】
 51 R 1 1   33 解析：国家对危险化学品经营（包括仓储经营，下同）实行许可制度
 52 L 1 1   33 解析：生产经营规模较小的，可以不建立应急救援队伍，但应当指定
 52 R 1 1   33 生产经营单位新建、改建、扩建工程项目（以下统称建设项目）的安
 53 L 1 1   33 （一）大型核设施单位、大型发电厂、民用机场、主要港口；故B正
 53 R 1 1   33 ②采用暴力、胁迫、命令等方式阻止他人报告事故情况，导致事故后
 54 L 1 1   33 34、答案选【A】
 54 R 1 1   31 建立应急救援队伍。故D错误。
 55 L 1 1   33 43、答案选【A】
 55 R 1 1   33 48、答案选【C】
 56 L 1 1   33 检测检验设施、设备原值不少于八百万元。故D错误。
 56 R 1 1   33 解析：暂扣有关许可证件和暂停有关执业资格、岗位证书的期限一般
 57 L 1 1   32 职工被借调期问受到工伤事故伤害的，由原用人单位承担工伤保险责
 57 R 1 1   31 二级企业累计不超过2次，标准化三级企业累计不超过4次，未进行
 58 L 1 1   33 4.女职工在孕期、产期、哺乳期的；故C正确。
 58 R 1 1   34 （四）金属冶炼建设项目；故D错误。
 59 L 2 1   28 1、答案选【D】
 59 R 2 1   32 6、答案选【C】
 60 L 2 1   33 相应的特种作业安全技术理论培训和理论考试，并在特种作业操作证
 60 R 2 1   33 须按照批准的安全设施设计施工，并对安全设施的工程质量负责。故
 61 L 2 1   33 24、答案选【A】
 61 R 2 1   33 30、答案选【A】
 62 L 2 1   33 机构审核同意，报本级人民政府主要负责人批准后，方可恢复生产。
 62 R 2 1   33 成的应急救援现场指挥部，并指定现场指挥部总指挥。故D错误。
 63 L 2 1   33 解析：承办者应当在活动举办日的20日前提出安全许可申请。故A
 63 R 2 1   33 51、答案选【C】
 64 L 2 1   33 安全生产信用信息管理系统修改有关信息，并在10个工作日内停止
 64 R 2 1   32 化学品重大危险源辨识》中规定的临界量比值之和大于或等于1的；
 65 L 2 1   31 （三）因不可抗力无法继续进行听证的。
 65 R 2 1   33 质量负责。故A错误。
 66 L 2 1   33 依法进行安全评价。故B错误。
 66 R 2 1   32 监控，并制定应急预案，告知从业人员和相关人员在紧急情况下应当
 67 L 3 1   29 1、答案选【C】
 67 R 3 1   34 解析：运输危险化学品途中因住宿或者发生影响正常运输的情况，需
 68 L 3 1   33 12、答案选【A】
 68 R 3 1   33 解析：生产、经营、储存、使用危险物品的车间、商店、仓库不得与
 69 L 3 1   33 25、答案选【A】
 69 R 3 1   33 （四）责令停产停业、责令关闭、限制从业；故A正确。
 70 L 3 1   33 施工单位必须设立安全生产管理机构，配备专职安全生产管理人员。
 70 R 3 1   33 建立应急救援队伍。故C错误。
 71 L 3 1   33 公安机关收到申请材料应当依法做出受理或者不予受理的决定。对受
 71 R 3 1   33 解析：地方人民政府或者安全监管监察部门及有关部门挂牌督办并责
 72 L 3 1   33 58、答案选【A】
 72 R 3 1   32 可进入。故D错误。
 73 L 3 1   32 68、答案选【D】
 73 R 3 1   33 74、答案选【BDE】
 74 L 3 1   33 解析：第八条应急管理部门对被列入严重失信主体名单的对象（以下
 74 R 3 1   15 （二）白酒勾兑、灌装场所和酒库未设置固定式乙醇蒸气浓度监测报
 75 L 4 1   26 1、答案选【A】
 75 R 4 1   33 在港区内从事危险化学品仓储经营，不需要取得危险化学品经营许可
 76 L 4 1   33 13、答案选【D】
 76 R 4 1   34 法律尚有获得赔偿的权利的，有权提出赔偿要求。故B错误。
 77 L 4 1   34 25、答案选【C】
 77 R 4 1   33 32、答案选【B】
 78 L 4 1   34 39、答案选【D】
 78 R 4 1   34 45、答案选【A】
 79 L 4 1   33 备本岗位安全操作、自救互救以及应急处置所需的知识和技能后，方
 79 R 4 1   34 事故、一般事故、较大事故每日至少续报1次；重大事故、特别重大
 80 L 4 1   33 63、答案选【C】
 80 R 4 1   32 业、电气试验作业等5个小类。故A错误。
 81 L 4 1   34 76、答案选【BCD】
 81 R 4 1   36 81、答案选【ADE】
 82 L 5 1   29 1、答案选【B】
 82 R 5 1   32 解析：不得将危险化学品匿报或者谎报为普通货物托运。故B错误。
 83 L 5 1   33 作证，可以免予安全技术培训。故D错误。
 83 R 5 1   33 错误。
 84 L 5 1   33 24、答案选【A】
 84 R 5 1   33 解析：当事人逾期不履行行政处罚决定，作出行政处罚决定的行政机
 85 L 5 1   33 解析：总承包单位应当自行完成建设工程主体结构的施工。故A正确
 85 R 5 1   33 （二）根据事故危害程度，组织现场人员撤离或者采取可能的应急措
 86 L 5 1   33 B错误。
 86 R 5 1   33 事故隐患排除前或者排除过程中无法保证安全的，应当从危险区域内
 87 L 5 1   33 馆、食堂，学校的集体宿舍，劳动密集型企业的员工集体宿舍属于特
 87 R 5 1   34 63、答案选【A】
 88 L 5 1   32 69、答案选【A】
 88 R 5 1   33 ②精神病人在不能辨认或者不能控制自己行为时有违法行为的；故B
 89 L 5 1   34 （二）生产、储存危险化学品（包括使用长输管道输送危险化学品，
 89 R 5 1    8 84、答案选【ABD】
saved m5_halves.json
